// 同步 ID: d4268a07 @ Tue Jul 14 11:52:46 UTC 2026
// 同步 ID: db5f9c4d @ Tue Jul 14 22:52:41 UTC 2026
// 重构日志: 8d551fa0
// 重构日志: 9b4cfa27
// 重构日志: 8c2e7b9c
// 重构日志: e40dd961
// 重构日志: 8660b17a
// 重构日志: a3d54e78
// 重构日志: 88940ac5
// 重构日志: 7e6a2b53
// 同步 ID: cc752488 @ Sat Jul 18 14:43:59 UTC 2026
// 同步 ID: e93052da @ Sat Jul 18 17:53:21 UTC 2026
// 重构日志: e1d2dae2
// 同步 ID: f364d55b @ Mon Jul 20 11:51:21 UTC 2026
// 重构日志: 392f5f97
// 重构日志: 83d7f641
// 同步 ID: 4a3ef5c0 @ Tue Jul 21 19:00:42 UTC 2026
// 重构日志: d98dab7b
// 同步 ID: 49245448 @ Thu Jul 23 07:30:56 UTC 2026
// 重构日志: fa1872d7
// 重构日志: 1a08974f
// 重构日志: 4d64a78f
// 重构日志: 76ae9ac5
// 重构日志: cf53352d
// 重构日志: 76450cdd
// 重构日志: ed827845
// 重构日志: 7abb21d0
// 重构日志: 54b08347
// 重构日志: 75e9a4e0
// 同步 ID: 7e6f2a17 @ Mon Jul 27 12:06:39 UTC 2026
// 重构日志: 66608aca
